---
http_interactions:
- request:
    method: get
    uri: https://api.themoviedb.org/3/movie/238?api_key=a0bdbbc4cfeaa81422c5217575fe9d53
    body:
      encoding: US-ASCII
      string: ''
    headers:
      User-Agent:
      - Faraday v2.3.0
      Accept-Encoding:
      - gzip;q=1.0,deflate;q=0.6,identity;q=0.3
      Accept:
      - "*/*"
  response:
    status:
      code: 200
      message: OK
    headers:
      Content-Type:
      - application/json;charset=utf-8
      Transfer-Encoding:
      - chunked
      Connection:
      - keep-alive
      Date:
      - Sun, 10 Jul 2022 16:39:37 GMT
      Server:
      - openresty
      Access-Control-Allow-Origin:
      - "*"
      Access-Control-Allow-Methods:
      - GET, HEAD, POST, PUT, DELETE, OPTIONS
      Access-Control-Expose-Headers:
      - ETag, X-RateLimit-Limit, X-RateLimit-Remaining, X-RateLimit-Reset, Retry-After,
        Content-Length, Content-Range
      Cache-Control:
      - public, max-age=28800
      X-Memc:
      - HIT
      X-Memc-Key:
      - 647ad0139961d413fe867b26138edd06a9b4ce4d
      X-Memc-Age:
      - '4581'
      X-Memc-Expires:
      - '12505'
      Etag:
      - W/"1cb60ac33c3b80d143d7a1c7aca3868c"
      Vary:
      - Accept-Encoding
      X-Cache:
      - Hit from cloudfront
      Via:
      - 1.1 b7f0c5734a286f56595c1e1b456020a2.cloudfront.net (CloudFront)
      X-Amz-Cf-Pop:
      - DEN50-C2
      X-Amz-Cf-Id:
      - pHZ1VjW9TAcCwM4ZE441ff0gnUaJqr_XVQcHvyR7L9MYXCJWPff_fw==
      Age:
      - '5602'
    body:
      encoding: ASCII-8BIT
      string: '{"adult":false,"backdrop_path":"/rSPw7tgCH9c6NqICZef4kZjFOQ5.jpg","belongs_to_collection":{"id":230,"name":"The
        Godfather Collection","poster_path":"/9Baumh5J9N1nJUYzNkm0xsgjpwY.jpg","backdrop_path":"/3WZTxpgscsmoUk81TuECXdFOD0R.jpg"},"budget":6000000,"genres":[{"id":18,"name":"Drama"},{"id":80,"name":"Crime"}],"homepage":"http://www.thegodfather.com/","id":238,"imdb_id":"tt0068646","original_language":"en","original_title":"The
        Godfather","overview":"Spanning the years 1945 to 1955, a chronicle of the
        fictional Italian-American Corleone crime family. When organized crime family
        patriarch, Vito Corleone barely survives an attempt on his life, his youngest
        son, Michael steps in to take care of the would-be killers, launching a campaign
        of bloody revenge.","popularity":94.789,"poster_path":"/3bhkrj58Vtu7enYsRolD1fZdja1.jpg","production_companies":[{"id":4,"logo_path":"/gz66EfNoYPqHTYI4q9UEN4CbHRc.png","name":"Paramount","origin_country":"US"},{"id":10211,"logo_path":null,"name":"Alfran
        Productions","origin_country":"US"}],"production_countries":[{"iso_3166_1":"US","name":"United
        States of America"}],"release_date":"1972-03-14","revenue":245066411,"runtime":175,"spoken_languages":[{"english_name":"English","iso_639_1":"en","name":"English"},{"english_name":"Italian","iso_639_1":"it","name":"Italiano"},{"english_name":"Latin","iso_639_1":"la","name":"Latin"}],"status":"Released","tagline":"An
        offer you can''t refuse.","title":"The Godfather","video":false,"vote_average":8.7,"vote_count":16196}'
  recorded_at: Sun, 10 Jul 2022 18:12:59 GMT
- request:
    method: get
    uri: https://api.themoviedb.org/3/movie/238?api_key=a0bdbbc4cfeaa81422c5217575fe9d53
    body:
      encoding: US-ASCII
      string: ''
    headers:
      User-Agent:
      - Faraday v2.3.0
      Accept-Encoding:
      - gzip;q=1.0,deflate;q=0.6,identity;q=0.3
      Accept:
      - "*/*"
  response:
    status:
      code: 200
      message: OK
    headers:
      Content-Type:
      - application/json;charset=utf-8
      Transfer-Encoding:
      - chunked
      Connection:
      - keep-alive
      Date:
      - Sun, 10 Jul 2022 16:39:37 GMT
      Server:
      - openresty
      Access-Control-Allow-Origin:
      - "*"
      Access-Control-Allow-Methods:
      - GET, HEAD, POST, PUT, DELETE, OPTIONS
      Access-Control-Expose-Headers:
      - ETag, X-RateLimit-Limit, X-RateLimit-Remaining, X-RateLimit-Reset, Retry-After,
        Content-Length, Content-Range
      Cache-Control:
      - public, max-age=28800
      X-Memc:
      - HIT
      X-Memc-Key:
      - 647ad0139961d413fe867b26138edd06a9b4ce4d
      X-Memc-Age:
      - '4581'
      X-Memc-Expires:
      - '12505'
      Etag:
      - W/"1cb60ac33c3b80d143d7a1c7aca3868c"
      Vary:
      - Accept-Encoding
      X-Cache:
      - Hit from cloudfront
      Via:
      - 1.1 48ea53c7edffa2cdbdc32f7d94966344.cloudfront.net (CloudFront)
      X-Amz-Cf-Pop:
      - DEN50-C2
      X-Amz-Cf-Id:
      - CbgN49ZoJfgs7Krv5aihxzD-5VkdL3eqqogXmg5lH8pQkTM6ucRiSw==
      Age:
      - '5602'
    body:
      encoding: ASCII-8BIT
      string: '{"adult":false,"backdrop_path":"/rSPw7tgCH9c6NqICZef4kZjFOQ5.jpg","belongs_to_collection":{"id":230,"name":"The
        Godfather Collection","poster_path":"/9Baumh5J9N1nJUYzNkm0xsgjpwY.jpg","backdrop_path":"/3WZTxpgscsmoUk81TuECXdFOD0R.jpg"},"budget":6000000,"genres":[{"id":18,"name":"Drama"},{"id":80,"name":"Crime"}],"homepage":"http://www.thegodfather.com/","id":238,"imdb_id":"tt0068646","original_language":"en","original_title":"The
        Godfather","overview":"Spanning the years 1945 to 1955, a chronicle of the
        fictional Italian-American Corleone crime family. When organized crime family
        patriarch, Vito Corleone barely survives an attempt on his life, his youngest
        son, Michael steps in to take care of the would-be killers, launching a campaign
        of bloody revenge.","popularity":94.789,"poster_path":"/3bhkrj58Vtu7enYsRolD1fZdja1.jpg","production_companies":[{"id":4,"logo_path":"/gz66EfNoYPqHTYI4q9UEN4CbHRc.png","name":"Paramount","origin_country":"US"},{"id":10211,"logo_path":null,"name":"Alfran
        Productions","origin_country":"US"}],"production_countries":[{"iso_3166_1":"US","name":"United
        States of America"}],"release_date":"1972-03-14","revenue":245066411,"runtime":175,"spoken_languages":[{"english_name":"English","iso_639_1":"en","name":"English"},{"english_name":"Italian","iso_639_1":"it","name":"Italiano"},{"english_name":"Latin","iso_639_1":"la","name":"Latin"}],"status":"Released","tagline":"An
        offer you can''t refuse.","title":"The Godfather","video":false,"vote_average":8.7,"vote_count":16196}'
  recorded_at: Sun, 10 Jul 2022 18:12:59 GMT
- request:
    method: get
    uri: https://api.themoviedb.org/3/movie/238?api_key=a0bdbbc4cfeaa81422c5217575fe9d53
    body:
      encoding: US-ASCII
      string: ''
    headers:
      User-Agent:
      - Faraday v2.3.0
      Accept-Encoding:
      - gzip;q=1.0,deflate;q=0.6,identity;q=0.3
      Accept:
      - "*/*"
  response:
    status:
      code: 200
      message: OK
    headers:
      Content-Type:
      - application/json;charset=utf-8
      Transfer-Encoding:
      - chunked
      Connection:
      - keep-alive
      Date:
      - Sun, 10 Jul 2022 16:39:37 GMT
      Server:
      - openresty
      Access-Control-Allow-Origin:
      - "*"
      Access-Control-Allow-Methods:
      - GET, HEAD, POST, PUT, DELETE, OPTIONS
      Access-Control-Expose-Headers:
      - ETag, X-RateLimit-Limit, X-RateLimit-Remaining, X-RateLimit-Reset, Retry-After,
        Content-Length, Content-Range
      Cache-Control:
      - public, max-age=28800
      X-Memc:
      - HIT
      X-Memc-Key:
      - 647ad0139961d413fe867b26138edd06a9b4ce4d
      X-Memc-Age:
      - '4581'
      X-Memc-Expires:
      - '12505'
      Etag:
      - W/"1cb60ac33c3b80d143d7a1c7aca3868c"
      Vary:
      - Accept-Encoding
      X-Cache:
      - Hit from cloudfront
      Via:
      - 1.1 dcee1124728af441beff75c95d9d9d74.cloudfront.net (CloudFront)
      X-Amz-Cf-Pop:
      - DEN50-C2
      X-Amz-Cf-Id:
      - ClGCnx2hTo6fwzHvfVUvMgaNjXsCBrde0Eg3KqhzYW-RLFV2aOxK0Q==
      Age:
      - '5602'
    body:
      encoding: ASCII-8BIT
      string: '{"adult":false,"backdrop_path":"/rSPw7tgCH9c6NqICZef4kZjFOQ5.jpg","belongs_to_collection":{"id":230,"name":"The
        Godfather Collection","poster_path":"/9Baumh5J9N1nJUYzNkm0xsgjpwY.jpg","backdrop_path":"/3WZTxpgscsmoUk81TuECXdFOD0R.jpg"},"budget":6000000,"genres":[{"id":18,"name":"Drama"},{"id":80,"name":"Crime"}],"homepage":"http://www.thegodfather.com/","id":238,"imdb_id":"tt0068646","original_language":"en","original_title":"The
        Godfather","overview":"Spanning the years 1945 to 1955, a chronicle of the
        fictional Italian-American Corleone crime family. When organized crime family
        patriarch, Vito Corleone barely survives an attempt on his life, his youngest
        son, Michael steps in to take care of the would-be killers, launching a campaign
        of bloody revenge.","popularity":94.789,"poster_path":"/3bhkrj58Vtu7enYsRolD1fZdja1.jpg","production_companies":[{"id":4,"logo_path":"/gz66EfNoYPqHTYI4q9UEN4CbHRc.png","name":"Paramount","origin_country":"US"},{"id":10211,"logo_path":null,"name":"Alfran
        Productions","origin_country":"US"}],"production_countries":[{"iso_3166_1":"US","name":"United
        States of America"}],"release_date":"1972-03-14","revenue":245066411,"runtime":175,"spoken_languages":[{"english_name":"English","iso_639_1":"en","name":"English"},{"english_name":"Italian","iso_639_1":"it","name":"Italiano"},{"english_name":"Latin","iso_639_1":"la","name":"Latin"}],"status":"Released","tagline":"An
        offer you can''t refuse.","title":"The Godfather","video":false,"vote_average":8.7,"vote_count":16196}'
  recorded_at: Sun, 10 Jul 2022 18:12:59 GMT
- request:
    method: get
    uri: https://api.themoviedb.org/3/movie/238?api_key=a0bdbbc4cfeaa81422c5217575fe9d53
    body:
      encoding: US-ASCII
      string: ''
    headers:
      User-Agent:
      - Faraday v2.3.0
      Accept-Encoding:
      - gzip;q=1.0,deflate;q=0.6,identity;q=0.3
      Accept:
      - "*/*"
  response:
    status:
      code: 200
      message: OK
    headers:
      Content-Type:
      - application/json;charset=utf-8
      Transfer-Encoding:
      - chunked
      Connection:
      - keep-alive
      Date:
      - Sun, 10 Jul 2022 16:39:37 GMT
      Server:
      - openresty
      Access-Control-Allow-Origin:
      - "*"
      Access-Control-Allow-Methods:
      - GET, HEAD, POST, PUT, DELETE, OPTIONS
      Access-Control-Expose-Headers:
      - ETag, X-RateLimit-Limit, X-RateLimit-Remaining, X-RateLimit-Reset, Retry-After,
        Content-Length, Content-Range
      Cache-Control:
      - public, max-age=28800
      X-Memc:
      - HIT
      X-Memc-Key:
      - 647ad0139961d413fe867b26138edd06a9b4ce4d
      X-Memc-Age:
      - '4581'
      X-Memc-Expires:
      - '12505'
      Etag:
      - W/"1cb60ac33c3b80d143d7a1c7aca3868c"
      Vary:
      - Accept-Encoding
      X-Cache:
      - Hit from cloudfront
      Via:
      - 1.1 2ad801a60bd36fbeb6a62fab7eabe330.cloudfront.net (CloudFront)
      X-Amz-Cf-Pop:
      - DEN50-C2
      X-Amz-Cf-Id:
      - XlYYk14qeIl-BNA9RSHfRypiJPe6XnkKsOfvaLWOv5moV3Jve1ZTcA==
      Age:
      - '5602'
    body:
      encoding: ASCII-8BIT
      string: '{"adult":false,"backdrop_path":"/rSPw7tgCH9c6NqICZef4kZjFOQ5.jpg","belongs_to_collection":{"id":230,"name":"The
        Godfather Collection","poster_path":"/9Baumh5J9N1nJUYzNkm0xsgjpwY.jpg","backdrop_path":"/3WZTxpgscsmoUk81TuECXdFOD0R.jpg"},"budget":6000000,"genres":[{"id":18,"name":"Drama"},{"id":80,"name":"Crime"}],"homepage":"http://www.thegodfather.com/","id":238,"imdb_id":"tt0068646","original_language":"en","original_title":"The
        Godfather","overview":"Spanning the years 1945 to 1955, a chronicle of the
        fictional Italian-American Corleone crime family. When organized crime family
        patriarch, Vito Corleone barely survives an attempt on his life, his youngest
        son, Michael steps in to take care of the would-be killers, launching a campaign
        of bloody revenge.","popularity":94.789,"poster_path":"/3bhkrj58Vtu7enYsRolD1fZdja1.jpg","production_companies":[{"id":4,"logo_path":"/gz66EfNoYPqHTYI4q9UEN4CbHRc.png","name":"Paramount","origin_country":"US"},{"id":10211,"logo_path":null,"name":"Alfran
        Productions","origin_country":"US"}],"production_countries":[{"iso_3166_1":"US","name":"United
        States of America"}],"release_date":"1972-03-14","revenue":245066411,"runtime":175,"spoken_languages":[{"english_name":"English","iso_639_1":"en","name":"English"},{"english_name":"Italian","iso_639_1":"it","name":"Italiano"},{"english_name":"Latin","iso_639_1":"la","name":"Latin"}],"status":"Released","tagline":"An
        offer you can''t refuse.","title":"The Godfather","video":false,"vote_average":8.7,"vote_count":16196}'
  recorded_at: Sun, 10 Jul 2022 18:12:59 GMT
- request:
    method: get
    uri: https://api.themoviedb.org/3/movie/238?api_key=a0bdbbc4cfeaa81422c5217575fe9d53
    body:
      encoding: US-ASCII
      string: ''
    headers:
      User-Agent:
      - Faraday v2.3.0
      Accept-Encoding:
      - gzip;q=1.0,deflate;q=0.6,identity;q=0.3
      Accept:
      - "*/*"
  response:
    status:
      code: 200
      message: OK
    headers:
      Content-Type:
      - application/json;charset=utf-8
      Transfer-Encoding:
      - chunked
      Connection:
      - keep-alive
      Date:
      - Sun, 10 Jul 2022 16:39:37 GMT
      Server:
      - openresty
      Access-Control-Allow-Origin:
      - "*"
      Access-Control-Allow-Methods:
      - GET, HEAD, POST, PUT, DELETE, OPTIONS
      Access-Control-Expose-Headers:
      - ETag, X-RateLimit-Limit, X-RateLimit-Remaining, X-RateLimit-Reset, Retry-After,
        Content-Length, Content-Range
      Cache-Control:
      - public, max-age=28800
      X-Memc:
      - HIT
      X-Memc-Key:
      - 647ad0139961d413fe867b26138edd06a9b4ce4d
      X-Memc-Age:
      - '4581'
      X-Memc-Expires:
      - '12505'
      Etag:
      - W/"1cb60ac33c3b80d143d7a1c7aca3868c"
      Vary:
      - Accept-Encoding
      X-Cache:
      - Hit from cloudfront
      Via:
      - 1.1 c29390732f5bc4b2c7832623ae6e492e.cloudfront.net (CloudFront)
      X-Amz-Cf-Pop:
      - DEN50-C2
      X-Amz-Cf-Id:
      - od_niJcNCtQQVpmeIqHJH2IUU-BIa7Vxcsxwu1IRfjOzO3vPQAEkwA==
      Age:
      - '5603'
    body:
      encoding: ASCII-8BIT
      string: '{"adult":false,"backdrop_path":"/rSPw7tgCH9c6NqICZef4kZjFOQ5.jpg","belongs_to_collection":{"id":230,"name":"The
        Godfather Collection","poster_path":"/9Baumh5J9N1nJUYzNkm0xsgjpwY.jpg","backdrop_path":"/3WZTxpgscsmoUk81TuECXdFOD0R.jpg"},"budget":6000000,"genres":[{"id":18,"name":"Drama"},{"id":80,"name":"Crime"}],"homepage":"http://www.thegodfather.com/","id":238,"imdb_id":"tt0068646","original_language":"en","original_title":"The
        Godfather","overview":"Spanning the years 1945 to 1955, a chronicle of the
        fictional Italian-American Corleone crime family. When organized crime family
        patriarch, Vito Corleone barely survives an attempt on his life, his youngest
        son, Michael steps in to take care of the would-be killers, launching a campaign
        of bloody revenge.","popularity":94.789,"poster_path":"/3bhkrj58Vtu7enYsRolD1fZdja1.jpg","production_companies":[{"id":4,"logo_path":"/gz66EfNoYPqHTYI4q9UEN4CbHRc.png","name":"Paramount","origin_country":"US"},{"id":10211,"logo_path":null,"name":"Alfran
        Productions","origin_country":"US"}],"production_countries":[{"iso_3166_1":"US","name":"United
        States of America"}],"release_date":"1972-03-14","revenue":245066411,"runtime":175,"spoken_languages":[{"english_name":"English","iso_639_1":"en","name":"English"},{"english_name":"Italian","iso_639_1":"it","name":"Italiano"},{"english_name":"Latin","iso_639_1":"la","name":"Latin"}],"status":"Released","tagline":"An
        offer you can''t refuse.","title":"The Godfather","video":false,"vote_average":8.7,"vote_count":16196}'
  recorded_at: Sun, 10 Jul 2022 18:12:59 GMT
- request:
    method: get
    uri: https://api.themoviedb.org/3/movie/238?api_key=a0bdbbc4cfeaa81422c5217575fe9d53
    body:
      encoding: US-ASCII
      string: ''
    headers:
      User-Agent:
      - Faraday v2.3.0
      Accept-Encoding:
      - gzip;q=1.0,deflate;q=0.6,identity;q=0.3
      Accept:
      - "*/*"
  response:
    status:
      code: 200
      message: OK
    headers:
      Content-Type:
      - application/json;charset=utf-8
      Transfer-Encoding:
      - chunked
      Connection:
      - keep-alive
      Date:
      - Sun, 10 Jul 2022 16:39:37 GMT
      Server:
      - openresty
      Access-Control-Allow-Origin:
      - "*"
      Access-Control-Allow-Methods:
      - GET, HEAD, POST, PUT, DELETE, OPTIONS
      Access-Control-Expose-Headers:
      - ETag, X-RateLimit-Limit, X-RateLimit-Remaining, X-RateLimit-Reset, Retry-After,
        Content-Length, Content-Range
      Cache-Control:
      - public, max-age=28800
      X-Memc:
      - HIT
      X-Memc-Key:
      - 647ad0139961d413fe867b26138edd06a9b4ce4d
      X-Memc-Age:
      - '4581'
      X-Memc-Expires:
      - '12505'
      Etag:
      - W/"1cb60ac33c3b80d143d7a1c7aca3868c"
      Vary:
      - Accept-Encoding
      X-Cache:
      - Hit from cloudfront
      Via:
      - 1.1 045f1e1f031241f3808c557a2b5d6b0a.cloudfront.net (CloudFront)
      X-Amz-Cf-Pop:
      - DEN50-C2
      X-Amz-Cf-Id:
      - 03BKcOZPwjqlOOcI7gQ68OTt-eRl_fdW2nfVLJhxKxLsaMXiZeWcaw==
      Age:
      - '5603'
    body:
      encoding: ASCII-8BIT
      string: '{"adult":false,"backdrop_path":"/rSPw7tgCH9c6NqICZef4kZjFOQ5.jpg","belongs_to_collection":{"id":230,"name":"The
        Godfather Collection","poster_path":"/9Baumh5J9N1nJUYzNkm0xsgjpwY.jpg","backdrop_path":"/3WZTxpgscsmoUk81TuECXdFOD0R.jpg"},"budget":6000000,"genres":[{"id":18,"name":"Drama"},{"id":80,"name":"Crime"}],"homepage":"http://www.thegodfather.com/","id":238,"imdb_id":"tt0068646","original_language":"en","original_title":"The
        Godfather","overview":"Spanning the years 1945 to 1955, a chronicle of the
        fictional Italian-American Corleone crime family. When organized crime family
        patriarch, Vito Corleone barely survives an attempt on his life, his youngest
        son, Michael steps in to take care of the would-be killers, launching a campaign
        of bloody revenge.","popularity":94.789,"poster_path":"/3bhkrj58Vtu7enYsRolD1fZdja1.jpg","production_companies":[{"id":4,"logo_path":"/gz66EfNoYPqHTYI4q9UEN4CbHRc.png","name":"Paramount","origin_country":"US"},{"id":10211,"logo_path":null,"name":"Alfran
        Productions","origin_country":"US"}],"production_countries":[{"iso_3166_1":"US","name":"United
        States of America"}],"release_date":"1972-03-14","revenue":245066411,"runtime":175,"spoken_languages":[{"english_name":"English","iso_639_1":"en","name":"English"},{"english_name":"Italian","iso_639_1":"it","name":"Italiano"},{"english_name":"Latin","iso_639_1":"la","name":"Latin"}],"status":"Released","tagline":"An
        offer you can''t refuse.","title":"The Godfather","video":false,"vote_average":8.7,"vote_count":16196}'
  recorded_at: Sun, 10 Jul 2022 18:12:59 GMT
- request:
    method: get
    uri: https://api.themoviedb.org/3/movie/238?api_key=a0bdbbc4cfeaa81422c5217575fe9d53
    body:
      encoding: US-ASCII
      string: ''
    headers:
      User-Agent:
      - Faraday v2.3.0
      Accept-Encoding:
      - gzip;q=1.0,deflate;q=0.6,identity;q=0.3
      Accept:
      - "*/*"
  response:
    status:
      code: 200
      message: OK
    headers:
      Content-Type:
      - application/json;charset=utf-8
      Transfer-Encoding:
      - chunked
      Connection:
      - keep-alive
      Date:
      - Mon, 18 Jul 2022 21:50:34 GMT
      Server:
      - openresty
      Access-Control-Allow-Origin:
      - "*"
      Access-Control-Allow-Methods:
      - GET, HEAD, POST, PUT, DELETE, OPTIONS
      Access-Control-Expose-Headers:
      - ETag, X-RateLimit-Limit, X-RateLimit-Remaining, X-RateLimit-Reset, Retry-After,
        Content-Length, Content-Range
      Cache-Control:
      - public, max-age=28800
      X-Memc:
      - HIT
      X-Memc-Key:
      - 647ad0139961d413fe867b26138edd06a9b4ce4d
      X-Memc-Age:
      - '10416'
      X-Memc-Expires:
      - '5962'
      Etag:
      - W/"0318f69809c85776d429b47f3d60ae80"
      Vary:
      - Accept-Encoding
      X-Cache:
      - Hit from cloudfront
      Via:
      - 1.1 9204cf44179493ed42c678800a26918a.cloudfront.net (CloudFront)
      X-Amz-Cf-Pop:
      - DEN50-C2
      X-Amz-Cf-Id:
      - NKs4nN7ddkZN7cW9ysduxbF_tIZQ-jWtxqc1pLELaaipNH8kUb9wGw==
      Age:
      - '2'
    body:
      encoding: ASCII-8BIT
      string: '{"adult":false,"backdrop_path":"/rSPw7tgCH9c6NqICZef4kZjFOQ5.jpg","belongs_to_collection":{"id":230,"name":"The
        Godfather Collection","poster_path":"/9Baumh5J9N1nJUYzNkm0xsgjpwY.jpg","backdrop_path":"/3WZTxpgscsmoUk81TuECXdFOD0R.jpg"},"budget":6000000,"genres":[{"id":18,"name":"Drama"},{"id":80,"name":"Crime"}],"homepage":"http://www.thegodfather.com/","id":238,"imdb_id":"tt0068646","original_language":"en","original_title":"The
        Godfather","overview":"Spanning the years 1945 to 1955, a chronicle of the
        fictional Italian-American Corleone crime family. When organized crime family
        patriarch, Vito Corleone barely survives an attempt on his life, his youngest
        son, Michael steps in to take care of the would-be killers, launching a campaign
        of bloody revenge.","popularity":91.918,"poster_path":"/3bhkrj58Vtu7enYsRolD1fZdja1.jpg","production_companies":[{"id":4,"logo_path":"/gz66EfNoYPqHTYI4q9UEN4CbHRc.png","name":"Paramount","origin_country":"US"},{"id":10211,"logo_path":null,"name":"Alfran
        Productions","origin_country":"US"}],"production_countries":[{"iso_3166_1":"US","name":"United
        States of America"}],"release_date":"1972-03-14","revenue":245066411,"runtime":175,"spoken_languages":[{"english_name":"English","iso_639_1":"en","name":"English"},{"english_name":"Italian","iso_639_1":"it","name":"Italiano"},{"english_name":"Latin","iso_639_1":"la","name":"Latin"}],"status":"Released","tagline":"An
        offer you can''t refuse.","title":"The Godfather","video":false,"vote_average":8.7,"vote_count":16229}'
  recorded_at: Mon, 18 Jul 2022 21:50:36 GMT
- request:
    method: get
    uri: https://api.themoviedb.org/3/movie/238?api_key=a0bdbbc4cfeaa81422c5217575fe9d53
    body:
      encoding: US-ASCII
      string: ''
    headers:
      User-Agent:
      - Faraday v2.3.0
      Accept-Encoding:
      - gzip;q=1.0,deflate;q=0.6,identity;q=0.3
      Accept:
      - "*/*"
  response:
    status:
      code: 200
      message: OK
    headers:
      Content-Type:
      - application/json;charset=utf-8
      Transfer-Encoding:
      - chunked
      Connection:
      - keep-alive
      Date:
      - Mon, 18 Jul 2022 21:50:34 GMT
      Server:
      - openresty
      Access-Control-Allow-Origin:
      - "*"
      Access-Control-Allow-Methods:
      - GET, HEAD, POST, PUT, DELETE, OPTIONS
      Access-Control-Expose-Headers:
      - ETag, X-RateLimit-Limit, X-RateLimit-Remaining, X-RateLimit-Reset, Retry-After,
        Content-Length, Content-Range
      Cache-Control:
      - public, max-age=28800
      X-Memc:
      - HIT
      X-Memc-Key:
      - 647ad0139961d413fe867b26138edd06a9b4ce4d
      X-Memc-Age:
      - '10416'
      X-Memc-Expires:
      - '5962'
      Etag:
      - W/"0318f69809c85776d429b47f3d60ae80"
      Vary:
      - Accept-Encoding
      X-Cache:
      - Hit from cloudfront
      Via:
      - 1.1 cddde15c11afac53ac9fe7978dcfecd6.cloudfront.net (CloudFront)
      X-Amz-Cf-Pop:
      - DEN50-C2
      X-Amz-Cf-Id:
      - SCLyY7WJIq4fCQ_Lcn4CB9gsQsXjt9vBQHlLVibYxaLub37ul2okmQ==
      Age:
      - '2'
    body:
      encoding: ASCII-8BIT
      string: '{"adult":false,"backdrop_path":"/rSPw7tgCH9c6NqICZef4kZjFOQ5.jpg","belongs_to_collection":{"id":230,"name":"The
        Godfather Collection","poster_path":"/9Baumh5J9N1nJUYzNkm0xsgjpwY.jpg","backdrop_path":"/3WZTxpgscsmoUk81TuECXdFOD0R.jpg"},"budget":6000000,"genres":[{"id":18,"name":"Drama"},{"id":80,"name":"Crime"}],"homepage":"http://www.thegodfather.com/","id":238,"imdb_id":"tt0068646","original_language":"en","original_title":"The
        Godfather","overview":"Spanning the years 1945 to 1955, a chronicle of the
        fictional Italian-American Corleone crime family. When organized crime family
        patriarch, Vito Corleone barely survives an attempt on his life, his youngest
        son, Michael steps in to take care of the would-be killers, launching a campaign
        of bloody revenge.","popularity":91.918,"poster_path":"/3bhkrj58Vtu7enYsRolD1fZdja1.jpg","production_companies":[{"id":4,"logo_path":"/gz66EfNoYPqHTYI4q9UEN4CbHRc.png","name":"Paramount","origin_country":"US"},{"id":10211,"logo_path":null,"name":"Alfran
        Productions","origin_country":"US"}],"production_countries":[{"iso_3166_1":"US","name":"United
        States of America"}],"release_date":"1972-03-14","revenue":245066411,"runtime":175,"spoken_languages":[{"english_name":"English","iso_639_1":"en","name":"English"},{"english_name":"Italian","iso_639_1":"it","name":"Italiano"},{"english_name":"Latin","iso_639_1":"la","name":"Latin"}],"status":"Released","tagline":"An
        offer you can''t refuse.","title":"The Godfather","video":false,"vote_average":8.7,"vote_count":16229}'
  recorded_at: Mon, 18 Jul 2022 21:50:36 GMT
- request:
    method: get
    uri: https://api.themoviedb.org/3/movie/238?api_key=a0bdbbc4cfeaa81422c5217575fe9d53
    body:
      encoding: US-ASCII
      string: ''
    headers:
      User-Agent:
      - Faraday v2.3.0
      Accept-Encoding:
      - gzip;q=1.0,deflate;q=0.6,identity;q=0.3
      Accept:
      - "*/*"
  response:
    status:
      code: 200
      message: OK
    headers:
      Content-Type:
      - application/json;charset=utf-8
      Transfer-Encoding:
      - chunked
      Connection:
      - keep-alive
      Date:
      - Mon, 18 Jul 2022 21:50:34 GMT
      Server:
      - openresty
      Access-Control-Allow-Origin:
      - "*"
      Access-Control-Allow-Methods:
      - GET, HEAD, POST, PUT, DELETE, OPTIONS
      Access-Control-Expose-Headers:
      - ETag, X-RateLimit-Limit, X-RateLimit-Remaining, X-RateLimit-Reset, Retry-After,
        Content-Length, Content-Range
      Cache-Control:
      - public, max-age=28800
      X-Memc:
      - HIT
      X-Memc-Key:
      - 647ad0139961d413fe867b26138edd06a9b4ce4d
      X-Memc-Age:
      - '10416'
      X-Memc-Expires:
      - '5962'
      Etag:
      - W/"0318f69809c85776d429b47f3d60ae80"
      Vary:
      - Accept-Encoding
      X-Cache:
      - Hit from cloudfront
      Via:
      - 1.1 f0b290c4e2273a7586bc6f080031d9bc.cloudfront.net (CloudFront)
      X-Amz-Cf-Pop:
      - DEN50-C2
      X-Amz-Cf-Id:
      - OmSlvVp73CpjLUNKGgXLSsh4itcE6L4bIpswMAzLvddxiVKY0Vjmhw==
      Age:
      - '2'
    body:
      encoding: ASCII-8BIT
      string: '{"adult":false,"backdrop_path":"/rSPw7tgCH9c6NqICZef4kZjFOQ5.jpg","belongs_to_collection":{"id":230,"name":"The
        Godfather Collection","poster_path":"/9Baumh5J9N1nJUYzNkm0xsgjpwY.jpg","backdrop_path":"/3WZTxpgscsmoUk81TuECXdFOD0R.jpg"},"budget":6000000,"genres":[{"id":18,"name":"Drama"},{"id":80,"name":"Crime"}],"homepage":"http://www.thegodfather.com/","id":238,"imdb_id":"tt0068646","original_language":"en","original_title":"The
        Godfather","overview":"Spanning the years 1945 to 1955, a chronicle of the
        fictional Italian-American Corleone crime family. When organized crime family
        patriarch, Vito Corleone barely survives an attempt on his life, his youngest
        son, Michael steps in to take care of the would-be killers, launching a campaign
        of bloody revenge.","popularity":91.918,"poster_path":"/3bhkrj58Vtu7enYsRolD1fZdja1.jpg","production_companies":[{"id":4,"logo_path":"/gz66EfNoYPqHTYI4q9UEN4CbHRc.png","name":"Paramount","origin_country":"US"},{"id":10211,"logo_path":null,"name":"Alfran
        Productions","origin_country":"US"}],"production_countries":[{"iso_3166_1":"US","name":"United
        States of America"}],"release_date":"1972-03-14","revenue":245066411,"runtime":175,"spoken_languages":[{"english_name":"English","iso_639_1":"en","name":"English"},{"english_name":"Italian","iso_639_1":"it","name":"Italiano"},{"english_name":"Latin","iso_639_1":"la","name":"Latin"}],"status":"Released","tagline":"An
        offer you can''t refuse.","title":"The Godfather","video":false,"vote_average":8.7,"vote_count":16229}'
  recorded_at: Mon, 18 Jul 2022 21:50:36 GMT
- request:
    method: get
    uri: https://api.themoviedb.org/3/movie/238?api_key=a0bdbbc4cfeaa81422c5217575fe9d53
    body:
      encoding: US-ASCII
      string: ''
    headers:
      User-Agent:
      - Faraday v2.3.0
      Accept-Encoding:
      - gzip;q=1.0,deflate;q=0.6,identity;q=0.3
      Accept:
      - "*/*"
  response:
    status:
      code: 200
      message: OK
    headers:
      Content-Type:
      - application/json;charset=utf-8
      Transfer-Encoding:
      - chunked
      Connection:
      - keep-alive
      Date:
      - Mon, 18 Jul 2022 21:50:34 GMT
      Server:
      - openresty
      Access-Control-Allow-Origin:
      - "*"
      Access-Control-Allow-Methods:
      - GET, HEAD, POST, PUT, DELETE, OPTIONS
      Access-Control-Expose-Headers:
      - ETag, X-RateLimit-Limit, X-RateLimit-Remaining, X-RateLimit-Reset, Retry-After,
        Content-Length, Content-Range
      Cache-Control:
      - public, max-age=28800
      X-Memc:
      - HIT
      X-Memc-Key:
      - 647ad0139961d413fe867b26138edd06a9b4ce4d
      X-Memc-Age:
      - '10416'
      X-Memc-Expires:
      - '5962'
      Etag:
      - W/"0318f69809c85776d429b47f3d60ae80"
      Vary:
      - Accept-Encoding
      X-Cache:
      - Hit from cloudfront
      Via:
      - 1.1 045f1e1f031241f3808c557a2b5d6b0a.cloudfront.net (CloudFront)
      X-Amz-Cf-Pop:
      - DEN50-C2
      X-Amz-Cf-Id:
      - WwxZOtILl1dpoBjo_DguhePwmHrXH7cgBWrW-7UOBwTUyv7XXKLOeQ==
      Age:
      - '2'
    body:
      encoding: ASCII-8BIT
      string: '{"adult":false,"backdrop_path":"/rSPw7tgCH9c6NqICZef4kZjFOQ5.jpg","belongs_to_collection":{"id":230,"name":"The
        Godfather Collection","poster_path":"/9Baumh5J9N1nJUYzNkm0xsgjpwY.jpg","backdrop_path":"/3WZTxpgscsmoUk81TuECXdFOD0R.jpg"},"budget":6000000,"genres":[{"id":18,"name":"Drama"},{"id":80,"name":"Crime"}],"homepage":"http://www.thegodfather.com/","id":238,"imdb_id":"tt0068646","original_language":"en","original_title":"The
        Godfather","overview":"Spanning the years 1945 to 1955, a chronicle of the
        fictional Italian-American Corleone crime family. When organized crime family
        patriarch, Vito Corleone barely survives an attempt on his life, his youngest
        son, Michael steps in to take care of the would-be killers, launching a campaign
        of bloody revenge.","popularity":91.918,"poster_path":"/3bhkrj58Vtu7enYsRolD1fZdja1.jpg","production_companies":[{"id":4,"logo_path":"/gz66EfNoYPqHTYI4q9UEN4CbHRc.png","name":"Paramount","origin_country":"US"},{"id":10211,"logo_path":null,"name":"Alfran
        Productions","origin_country":"US"}],"production_countries":[{"iso_3166_1":"US","name":"United
        States of America"}],"release_date":"1972-03-14","revenue":245066411,"runtime":175,"spoken_languages":[{"english_name":"English","iso_639_1":"en","name":"English"},{"english_name":"Italian","iso_639_1":"it","name":"Italiano"},{"english_name":"Latin","iso_639_1":"la","name":"Latin"}],"status":"Released","tagline":"An
        offer you can''t refuse.","title":"The Godfather","video":false,"vote_average":8.7,"vote_count":16229}'
  recorded_at: Mon, 18 Jul 2022 21:50:36 GMT
- request:
    method: get
    uri: https://api.themoviedb.org/3/movie/238?api_key=a0bdbbc4cfeaa81422c5217575fe9d53
    body:
      encoding: US-ASCII
      string: ''
    headers:
      User-Agent:
      - Faraday v2.3.0
      Accept-Encoding:
      - gzip;q=1.0,deflate;q=0.6,identity;q=0.3
      Accept:
      - "*/*"
  response:
    status:
      code: 200
      message: OK
    headers:
      Content-Type:
      - application/json;charset=utf-8
      Transfer-Encoding:
      - chunked
      Connection:
      - keep-alive
      Date:
      - Mon, 18 Jul 2022 21:50:34 GMT
      Server:
      - openresty
      Access-Control-Allow-Origin:
      - "*"
      Access-Control-Allow-Methods:
      - GET, HEAD, POST, PUT, DELETE, OPTIONS
      Access-Control-Expose-Headers:
      - ETag, X-RateLimit-Limit, X-RateLimit-Remaining, X-RateLimit-Reset, Retry-After,
        Content-Length, Content-Range
      Cache-Control:
      - public, max-age=28800
      X-Memc:
      - HIT
      X-Memc-Key:
      - 647ad0139961d413fe867b26138edd06a9b4ce4d
      X-Memc-Age:
      - '10416'
      X-Memc-Expires:
      - '5962'
      Etag:
      - W/"0318f69809c85776d429b47f3d60ae80"
      Vary:
      - Accept-Encoding
      X-Cache:
      - Hit from cloudfront
      Via:
      - 1.1 c29390732f5bc4b2c7832623ae6e492e.cloudfront.net (CloudFront)
      X-Amz-Cf-Pop:
      - DEN50-C2
      X-Amz-Cf-Id:
      - tIwxy0GHP83ptTsTXBBTRzvDvCHrbo-KOqRmz6G03jg0hxT9u4WXxA==
      Age:
      - '2'
    body:
      encoding: ASCII-8BIT
      string: '{"adult":false,"backdrop_path":"/rSPw7tgCH9c6NqICZef4kZjFOQ5.jpg","belongs_to_collection":{"id":230,"name":"The
        Godfather Collection","poster_path":"/9Baumh5J9N1nJUYzNkm0xsgjpwY.jpg","backdrop_path":"/3WZTxpgscsmoUk81TuECXdFOD0R.jpg"},"budget":6000000,"genres":[{"id":18,"name":"Drama"},{"id":80,"name":"Crime"}],"homepage":"http://www.thegodfather.com/","id":238,"imdb_id":"tt0068646","original_language":"en","original_title":"The
        Godfather","overview":"Spanning the years 1945 to 1955, a chronicle of the
        fictional Italian-American Corleone crime family. When organized crime family
        patriarch, Vito Corleone barely survives an attempt on his life, his youngest
        son, Michael steps in to take care of the would-be killers, launching a campaign
        of bloody revenge.","popularity":91.918,"poster_path":"/3bhkrj58Vtu7enYsRolD1fZdja1.jpg","production_companies":[{"id":4,"logo_path":"/gz66EfNoYPqHTYI4q9UEN4CbHRc.png","name":"Paramount","origin_country":"US"},{"id":10211,"logo_path":null,"name":"Alfran
        Productions","origin_country":"US"}],"production_countries":[{"iso_3166_1":"US","name":"United
        States of America"}],"release_date":"1972-03-14","revenue":245066411,"runtime":175,"spoken_languages":[{"english_name":"English","iso_639_1":"en","name":"English"},{"english_name":"Italian","iso_639_1":"it","name":"Italiano"},{"english_name":"Latin","iso_639_1":"la","name":"Latin"}],"status":"Released","tagline":"An
        offer you can''t refuse.","title":"The Godfather","video":false,"vote_average":8.7,"vote_count":16229}'
  recorded_at: Mon, 18 Jul 2022 21:50:36 GMT
recorded_with: VCR 6.1.0
